Archive member included because of file (symbol)

C:/Freescale/CW MCU v11.1/MCU/ARM_GCC_Support/ewl/lib/armv7e-m/fpu\libc.a(exit.o)
                              ./Project_Settings/Startup_Code/__arm_start.o (exit)
C:/Freescale/CW MCU v11.1/MCU/ARM_GCC_Support/ewl/lib/armv7e-m/fpu\libc.a(memset.o)
                              ./Project_Settings/Startup_Code/__arm_start.o (memset)
C:/Freescale/CW MCU v11.1/MCU/ARM_GCC_Support/ewl/lib/armv7e-m/fpu\libc.a(__filll_mem.o)
                              C:/Freescale/CW MCU v11.1/MCU/ARM_GCC_Support/ewl/lib/armv7e-m/fpu\libc.a(memset.o) (__fill_mem)
C:/Freescale/CW MCU v11.1/MCU/ARM_GCC_Support/ewl/lib/armv7e-m/fpu\libc.a(printformat_.o)
                              (__pformatter_)
C:/Freescale/CW MCU v11.1/MCU/ARM_GCC_Support/ewl/lib/armv7e-m/fpu\libc.a(scanformat_.o)
                              (__sformatter)
C:/Freescale/CW MCU v11.1/MCU/ARM_GCC_Support/ewl/lib/armv7e-m/fpu\libc.a(ctype_aeabi.o)
                              C:/Freescale/CW MCU v11.1/MCU/ARM_GCC_Support/ewl/lib/armv7e-m/fpu\libc.a(scanformat_.o) (isspace)
C:/Freescale/CW MCU v11.1/MCU/ARM_GCC_Support/ewl/lib/armv7e-m/fpu\libc.a(__strtoul.o)
                              C:/Freescale/CW MCU v11.1/MCU/ARM_GCC_Support/ewl/lib/armv7e-m/fpu\libc.a(scanformat_.o) (__strtoul)
C:/Freescale/CW MCU v11.1/MCU/ARM_GCC_Support/ewl/lib/armv7e-m/fpu\libc.a(strchr.o)
                              C:/Freescale/CW MCU v11.1/MCU/ARM_GCC_Support/ewl/lib/armv7e-m/fpu\libc.a(printformat_.o) (strchr)
C:/Freescale/CW MCU v11.1/MCU/ARM_GCC_Support/ewl/lib/armv7e-m/fpu\libc.a(strlen.o)
                              C:/Freescale/CW MCU v11.1/MCU/ARM_GCC_Support/ewl/lib/armv7e-m/fpu\libc.a(printformat_.o) (strlen)
C:/Freescale/CW MCU v11.1/MCU/ARM_GCC_Support/ewl/lib/armv7e-m/fpu\libc.a(memchr.o)
                              C:/Freescale/CW MCU v11.1/MCU/ARM_GCC_Support/ewl/lib/armv7e-m/fpu\libc.a(printformat_.o) (memchr)
C:/Freescale/CW MCU v11.1/MCU/ARM_GCC_Support/ewl/lib/armv7e-m/fpu\librt.a(gcc_ctor_dtor.o)
                              ./Project_Settings/Startup_Code/__arm_start.o (__init_cpp)
C:/Freescale/CW MCU v11.1/MCU/ARM_GCC_Support/ewl/lib/armv7e-m/fpu\librt.a(__arm_eabi_init.o)
                              C:/Freescale/CW MCU v11.1/MCU/ARM_GCC_Support/ewl/lib/armv7e-m/fpu\libc.a(exit.o) (__destroy_global_chain)
C:/Freescale/CW MCU v11.1/MCU/ARM_GCC_Support/ewl/lib/armv7e-m/fpu\librt.a(ROMCopy.o)
                              ./Project_Settings/Startup_Code/__arm_start.o (__copy_rom_sections_to_ram)

Allocating common symbols
Common symbol       size              file

ptr_func            0x4               ./Sources/pin_n_clocks.o

Discarded input sections

 .text          0x00000000        0x0 ./Project_Settings/Startup_Code/kinetis_sysinit.o
 .data          0x00000000        0x0 ./Project_Settings/Startup_Code/kinetis_sysinit.o
 .bss           0x00000000        0x0 ./Project_Settings/Startup_Code/kinetis_sysinit.o
 .text          0x00000000        0x0 ./Project_Settings/Startup_Code/__arm_start.o
 .data          0x00000000        0x0 ./Project_Settings/Startup_Code/__arm_start.o
 .bss           0x00000000        0x0 ./Project_Settings/Startup_Code/__arm_start.o
 .text.__iar_program_start
                0x00000000        0x4 ./Project_Settings/Startup_Code/__arm_start.o
 .text          0x00000000        0x0 ./Project_Settings/Startup_Code/__arm_end.o
 .data          0x00000000        0x0 ./Project_Settings/Startup_Code/__arm_end.o
 .bss           0x00000000        0x0 ./Project_Settings/Startup_Code/__arm_end.o
 .text          0x00000000        0x0 ./Sources/pin_n_clocks.o
 .data          0x00000000        0x0 ./Sources/pin_n_clocks.o
 .bss           0x00000000        0x0 ./Sources/pin_n_clocks.o
 COMMON         0x00000000        0x4 ./Sources/pin_n_clocks.o
 .text          0x00000000        0x0 ./Sources/main.o
 .data          0x00000000        0x0 ./Sources/main.o
 .bss           0x00000000        0x0 ./Sources/main.o
 .text          0x00000000        0x0 ./Sources/NVIC.o
 .data          0x00000000        0x0 ./Sources/NVIC.o
 .bss           0x00000000        0x0 ./Sources/NVIC.o
 .text.NVIC_DisableIRQ
                0x00000000       0x60 ./Sources/NVIC.o
 .text.NVIC_SetPriority
                0x00000000       0x68 ./Sources/NVIC.o
 .text          0x00000000        0x0 ./Sources/LPTMR.o
 .data          0x00000000        0x0 ./Sources/LPTMR.o
 .bss           0x00000000        0x0 ./Sources/LPTMR.o
 .text          0x00000000        0x0 C:/Freescale/CW MCU v11.1/MCU/ARM_GCC_Support/ewl/lib/armv7e-m/fpu\libc.a(exit.o)
 .data          0x00000000        0x0 C:/Freescale/CW MCU v11.1/MCU/ARM_GCC_Support/ewl/lib/armv7e-m/fpu\libc.a(exit.o)
 .bss           0x00000000        0x0 C:/Freescale/CW MCU v11.1/MCU/ARM_GCC_Support/ewl/lib/armv7e-m/fpu\libc.a(exit.o)
 .text          0x00000000        0x0 C:/Freescale/CW MCU v11.1/MCU/ARM_GCC_Support/ewl/lib/armv7e-m/fpu\libc.a(memset.o)
 .data          0x00000000        0x0 C:/Freescale/CW MCU v11.1/MCU/ARM_GCC_Support/ewl/lib/armv7e-m/fpu\libc.a(memset.o)
 .bss           0x00000000        0x0 C:/Freescale/CW MCU v11.1/MCU/ARM_GCC_Support/ewl/lib/armv7e-m/fpu\libc.a(memset.o)
 .text          0x00000000        0x0 C:/Freescale/CW MCU v11.1/MCU/ARM_GCC_Support/ewl/lib/armv7e-m/fpu\libc.a(__filll_mem.o)
 .data          0x00000000        0x0 C:/Freescale/CW MCU v11.1/MCU/ARM_GCC_Support/ewl/lib/armv7e-m/fpu\libc.a(__filll_mem.o)
 .bss           0x00000000        0x0 C:/Freescale/CW MCU v11.1/MCU/ARM_GCC_Support/ewl/lib/armv7e-m/fpu\libc.a(__filll_mem.o)
 .text          0x00000000        0x0 C:/Freescale/CW MCU v11.1/MCU/ARM_GCC_Support/ewl/lib/armv7e-m/fpu\libc.a(printformat_.o)
 .data          0x00000000        0x0 C:/Freescale/CW MCU v11.1/MCU/ARM_GCC_Support/ewl/lib/armv7e-m/fpu\libc.a(printformat_.o)
 .bss           0x00000000        0x0 C:/Freescale/CW MCU v11.1/MCU/ARM_GCC_Support/ewl/lib/armv7e-m/fpu\libc.a(printformat_.o)
 .text          0x00000000        0x0 C:/Freescale/CW MCU v11.1/MCU/ARM_GCC_Support/ewl/lib/armv7e-m/fpu\libc.a(scanformat_.o)
 .data          0x00000000        0x0 C:/Freescale/CW MCU v11.1/MCU/ARM_GCC_Support/ewl/lib/armv7e-m/fpu\libc.a(scanformat_.o)
 .bss           0x00000000        0x0 C:/Freescale/CW MCU v11.1/MCU/ARM_GCC_Support/ewl/lib/armv7e-m/fpu\libc.a(scanformat_.o)
 .text          0x00000000        0x0 C:/Freescale/CW MCU v11.1/MCU/ARM_GCC_Support/ewl/lib/armv7e-m/fpu\libc.a(ctype_aeabi.o)
 .data          0x00000000        0x0 C:/Freescale/CW MCU v11.1/MCU/ARM_GCC_Support/ewl/lib/armv7e-m/fpu\libc.a(ctype_aeabi.o)
 .bss           0x00000000        0x0 C:/Freescale/CW MCU v11.1/MCU/ARM_GCC_Support/ewl/lib/armv7e-m/fpu\libc.a(ctype_aeabi.o)
 .text.isalnum  0x00000000       0x18 C:/Freescale/CW MCU v11.1/MCU/ARM_GCC_Support/ewl/lib/armv7e-m/fpu\libc.a(ctype_aeabi.o)
 .text.iscntrl  0x00000000       0x1c C:/Freescale/CW MCU v11.1/MCU/ARM_GCC_Support/ewl/lib/armv7e-m/fpu\libc.a(ctype_aeabi.o)
 .text.isdigit  0x00000000        0xc C:/Freescale/CW MCU v11.1/MCU/ARM_GCC_Support/ewl/lib/armv7e-m/fpu\libc.a(ctype_aeabi.o)
 .text.isgraph  0x00000000       0x18 C:/Freescale/CW MCU v11.1/MCU/ARM_GCC_Support/ewl/lib/armv7e-m/fpu\libc.a(ctype_aeabi.o)
 .text.islower  0x00000000       0x1c C:/Freescale/CW MCU v11.1/MCU/ARM_GCC_Support/ewl/lib/armv7e-m/fpu\libc.a(ctype_aeabi.o)
 .text.isprint  0x00000000       0x18 C:/Freescale/CW MCU v11.1/MCU/ARM_GCC_Support/ewl/lib/armv7e-m/fpu\libc.a(ctype_aeabi.o)
 .text.ispunct  0x00000000       0x1c C:/Freescale/CW MCU v11.1/MCU/ARM_GCC_Support/ewl/lib/armv7e-m/fpu\libc.a(ctype_aeabi.o)
 .text.isupper  0x00000000       0x1c C:/Freescale/CW MCU v11.1/MCU/ARM_GCC_Support/ewl/lib/armv7e-m/fpu\libc.a(ctype_aeabi.o)
 .text.isxdigit
                0x00000000       0x1c C:/Freescale/CW MCU v11.1/MCU/ARM_GCC_Support/ewl/lib/armv7e-m/fpu\libc.a(ctype_aeabi.o)
 .text.isblank  0x00000000       0x28 C:/Freescale/CW MCU v11.1/MCU/ARM_GCC_Support/ewl/lib/armv7e-m/fpu\libc.a(ctype_aeabi.o)
 .text.tolower  0x00000000        0xc C:/Freescale/CW MCU v11.1/MCU/ARM_GCC_Support/ewl/lib/armv7e-m/fpu\libc.a(ctype_aeabi.o)
 .text          0x00000000        0x0 C:/Freescale/CW MCU v11.1/MCU/ARM_GCC_Support/ewl/lib/armv7e-m/fpu\libc.a(__strtoul.o)
 .data          0x00000000        0x0 C:/Freescale/CW MCU v11.1/MCU/ARM_GCC_Support/ewl/lib/armv7e-m/fpu\libc.a(__strtoul.o)
 .bss           0x00000000        0x0 C:/Freescale/CW MCU v11.1/MCU/ARM_GCC_Support/ewl/lib/armv7e-m/fpu\libc.a(__strtoul.o)
 .text          0x00000000        0x0 C:/Freescale/CW MCU v11.1/MCU/ARM_GCC_Support/ewl/lib/armv7e-m/fpu\libc.a(strchr.o)
 .data          0x00000000        0x0 C:/Freescale/CW MCU v11.1/MCU/ARM_GCC_Support/ewl/lib/armv7e-m/fpu\libc.a(strchr.o)
 .bss           0x00000000        0x0 C:/Freescale/CW MCU v11.1/MCU/ARM_GCC_Support/ewl/lib/armv7e-m/fpu\libc.a(strchr.o)
 .text          0x00000000        0x0 C:/Freescale/CW MCU v11.1/MCU/ARM_GCC_Support/ewl/lib/armv7e-m/fpu\libc.a(strlen.o)
 .data          0x00000000        0x0 C:/Freescale/CW MCU v11.1/MCU/ARM_GCC_Support/ewl/lib/armv7e-m/fpu\libc.a(strlen.o)
 .bss           0x00000000        0x0 C:/Freescale/CW MCU v11.1/MCU/ARM_GCC_Support/ewl/lib/armv7e-m/fpu\libc.a(strlen.o)
 .text          0x00000000        0x0 C:/Freescale/CW MCU v11.1/MCU/ARM_GCC_Support/ewl/lib/armv7e-m/fpu\libc.a(memchr.o)
 .data          0x00000000        0x0 C:/Freescale/CW MCU v11.1/MCU/ARM_GCC_Support/ewl/lib/armv7e-m/fpu\libc.a(memchr.o)
 .bss           0x00000000        0x0 C:/Freescale/CW MCU v11.1/MCU/ARM_GCC_Support/ewl/lib/armv7e-m/fpu\libc.a(memchr.o)
 .text          0x00000000        0x0 C:/Freescale/CW MCU v11.1/MCU/ARM_GCC_Support/ewl/lib/armv7e-m/fpu\librt.a(gcc_ctor_dtor.o)
 .data          0x00000000        0x0 C:/Freescale/CW MCU v11.1/MCU/ARM_GCC_Support/ewl/lib/armv7e-m/fpu\librt.a(gcc_ctor_dtor.o)
 .bss           0x00000000        0x0 C:/Freescale/CW MCU v11.1/MCU/ARM_GCC_Support/ewl/lib/armv7e-m/fpu\librt.a(gcc_ctor_dtor.o)
 .bss.__dso_handle
                0x00000000        0x4 C:/Freescale/CW MCU v11.1/MCU/ARM_GCC_Support/ewl/lib/armv7e-m/fpu\librt.a(gcc_ctor_dtor.o)
 .text          0x00000000        0x0 C:/Freescale/CW MCU v11.1/MCU/ARM_GCC_Support/ewl/lib/armv7e-m/fpu\librt.a(__arm_eabi_init.o)
 .data          0x00000000        0x0 C:/Freescale/CW MCU v11.1/MCU/ARM_GCC_Support/ewl/lib/armv7e-m/fpu\librt.a(__arm_eabi_init.o)
 .bss           0x00000000        0x0 C:/Freescale/CW MCU v11.1/MCU/ARM_GCC_Support/ewl/lib/armv7e-m/fpu\librt.a(__arm_eabi_init.o)
 .text.__register_global_object
                0x00000000       0x14 C:/Freescale/CW MCU v11.1/MCU/ARM_GCC_Support/ewl/lib/armv7e-m/fpu\librt.a(__arm_eabi_init.o)
 .text.__cxa_atexit
                0x00000000       0x38 C:/Freescale/CW MCU v11.1/MCU/ARM_GCC_Support/ewl/lib/armv7e-m/fpu\librt.a(__arm_eabi_init.o)
 .text.__aeabi_atexit
                0x00000000        0xa C:/Freescale/CW MCU v11.1/MCU/ARM_GCC_Support/ewl/lib/armv7e-m/fpu\librt.a(__arm_eabi_init.o)
 .text.__register_atexit
                0x00000000        0x8 C:/Freescale/CW MCU v11.1/MCU/ARM_GCC_Support/ewl/lib/armv7e-m/fpu\librt.a(__arm_eabi_init.o)
 .text.__init_hardware
                0x00000000        0x4 C:/Freescale/CW MCU v11.1/MCU/ARM_GCC_Support/ewl/lib/armv7e-m/fpu\librt.a(__arm_eabi_init.o)
 .bss.atexit_curr_func
                0x00000000        0x4 C:/Freescale/CW MCU v11.1/MCU/ARM_GCC_Support/ewl/lib/armv7e-m/fpu\librt.a(__arm_eabi_init.o)
 .bss.atexit_funcs
                0x00000000      0x300 C:/Freescale/CW MCU v11.1/MCU/ARM_GCC_Support/ewl/lib/armv7e-m/fpu\librt.a(__arm_eabi_init.o)
 .text          0x00000000        0x0 C:/Freescale/CW MCU v11.1/MCU/ARM_GCC_Support/ewl/lib/armv7e-m/fpu\librt.a(ROMCopy.o)
 .data          0x00000000        0x0 C:/Freescale/CW MCU v11.1/MCU/ARM_GCC_Support/ewl/lib/armv7e-m/fpu\librt.a(ROMCopy.o)
 .bss           0x00000000        0x0 C:/Freescale/CW MCU v11.1/MCU/ARM_GCC_Support/ewl/lib/armv7e-m/fpu\librt.a(ROMCopy.o)
 .text.__flush_cache
                0x00000000        0x2 C:/Freescale/CW MCU v11.1/MCU/ARM_GCC_Support/ewl/lib/armv7e-m/fpu\librt.a(ROMCopy.o)

Memory Configuration

Name             Origin             Length             Attributes
m_interrupts     0x1fff0000         0x00000198         xr
m_text           0x1fff0198         0x0000fe68         xr
m_data           0x20000000         0x00030000         rw
*default*        0x00000000         0xffffffff

Linker script and memory map

LOAD ./Project_Settings/Startup_Code/kinetis_sysinit.o
LOAD ./Project_Settings/Startup_Code/__arm_start.o
LOAD ./Project_Settings/Startup_Code/__arm_end.o
LOAD ./Sources/pin_n_clocks.o
LOAD ./Sources/main.o
LOAD ./Sources/NVIC.o
LOAD ./Sources/LPTMR.o
                0x1fff070c                __pformatter = __pformatter_
                [0x1fff0b04]                __sformatter = __sformatter
START GROUP
LOAD C:/Freescale/CW MCU v11.1/MCU/ARM_GCC_Support/ewl/lib/armv7e-m/fpu\libc.a
LOAD C:/Freescale/CW MCU v11.1/MCU/ARM_GCC_Support/ewl/lib/armv7e-m/fpu\libm.a
LOAD c:/freescale/cw mcu v11.1/cross_tools/arm-none-eabi-gcc-4_7_3/bin/../lib/gcc/arm-none-eabi/4.7.3/armv7e-m/fpu\libgcc.a
LOAD C:/Freescale/CW MCU v11.1/MCU/ARM_GCC_Support/ewl/lib/armv7e-m/fpu\librt.a
LOAD C:/Freescale/CW MCU v11.1/MCU/ARM_GCC_Support/ewl/lib/armv7e-m/fpu\libuart.a
END GROUP
                0x20030000                _estack = 0x20030000
                0x20030000                __SP_INIT = _estack
                0x00000800                __heap_size = 0x800
                0x00000800                __stack_size = 0x800

.interrupts     0x1fff0000      0x198
                0x1fff0000                __vector_table = .
                0x1fff0000                . = ALIGN (0x4)
 *(.vectortable)
 .vectortable   0x1fff0000      0x198 ./Project_Settings/Startup_Code/kinetis_sysinit.o
                0x1fff0000                InterruptVector
                0x1fff0198                . = ALIGN (0x4)

.text           0x1fff0198     0x1558
                0x1fff0198                . = ALIGN (0x4)
 *(.text)
 *(.text*)
 .text.Default_Handler
                0x1fff0198        0xc ./Project_Settings/Startup_Code/kinetis_sysinit.o
                0x1fff0198                RTC_Alarm_IRQHandler
                0x1fff0198                CAN0_Rx_Warning_IRQHandler
                0x1fff0198                CAN0_Err_IRQHandler
                0x1fff0198                I2C0_IRQHandler
                0x1fff0198                HardFault_Handler
                0x1fff0198                PDB_IRQHandler
                0x1fff0198                SysTick_Handler
                0x1fff0198                UART0_Status_IRQHandler
                0x1fff0198                PendSV_Handler
                0x1fff0198                NMI_Handler
                0x1fff0198                I2C1_IRQHandler
                0x1fff0198                UART3_Status_IRQHandler
                0x1fff0198                DMA2_IRQHandler
                0x1fff0198                PIT0_IRQHandler
                0x1fff0198                Watchdog_IRQHandler
                0x1fff0198                Bus_Fault_Handler
                0x1fff0198                CMP2_IRQHandler
                0x1fff0198                SWI_IRQHandler
                0x1fff0198                ADC0_IRQHandler
                0x1fff0198                ENET_MAC_Transmit_IRQHandler
                0x1fff0198                I2S0_Tx_IRQHandler
                0x1fff0198                CMT_IRQHandler
                0x1fff0198                UART1_Status_IRQHandler
                0x1fff0198                SPI1_IRQHandler
                0x1fff0198                DMA9_IRQHandler
                0x1fff0198                DMA14_IRQHandler
                0x1fff0198                CMP1_IRQHandler
                0x1fff0198                PORTD_IRQHandler
                0x1fff0198                PORTB_IRQHandler
                0x1fff0198                UART4_ERR_IRQHandler
                0x1fff0198                ADC1_IRQHandler
                0x1fff0198                I2C2_IRQHandler
                0x1fff0198                PIT2_IRQHandler
                0x1fff0198                I2S0_Rx_IRQHandler
                0x1fff0198                DMA5_IRQHandler
                0x1fff0198                FTM1_IRQHandler
                0x1fff0198                UART3_ERR_IRQHandler
                0x1fff0198                PIT3_IRQHandler
                0x1fff0198                SDHC_IRQHandler
                0x1fff0198                RTC_Seconds_IRQHandler
                0x1fff0198                MCG_IRQHandler
                0x1fff0198                ENET_MAC_Timer_IRQHandler
                0x1fff0198                UART2_ERR_IRQHandler
                0x1fff0198                DMA11_IRQHandler
                0x1fff0198                Tamper_Drylce_IRQHandler
                0x1fff0198                USB_OTG_IRQHandler
                0x1fff0198                Read_Collision_IRQHandler
                0x1fff0198                Default_Handler
                0x1fff0198                UART4_Status_IRQHandler
                0x1fff0198                DMA7_IRQHandler
                0x1fff0198                LLW_IRQHandler
                0x1fff0198                SPI2_IRQHandler
                0x1fff0198                USB_Charger_Detect_IRQHandler
                0x1fff0198                SVC_Handler
                0x1fff0198                Usage_Fault_Handler
                0x1fff0198                DMA13_IRQHandler
                0x1fff0198                DMA3_IRQHandler
                0x1fff0198                UART0_LON_IRQHandler
                0x1fff0198                RNG_IRQHandler
                0x1fff0198                DMA0_IRQHandler
                0x1fff0198                DMA15_IRQHandler
                0x1fff0198                DAC0_IRQHandler
                0x1fff0198                ENET_MAC_Error_IRQHandler
                0x1fff0198                DMA4_IRQHandler
                0x1fff0198                PIT1_IRQHandler
                0x1fff0198                UART0_ERR_IRQHandler
                0x1fff0198                DMA_Error_IRQHandler
                0x1fff0198                LVD_LVW_IRQHandler
                0x1fff0198                SPI0_IRQHandler
                0x1fff0198                CAN0_Tx_WarningIRQHandler
                0x1fff0198                FTM0_IRQHandler
                0x1fff0198                PORTA_IRQHandler
                0x1fff0198                DAC1_IRQHandler
                0x1fff0198                MCM_IRQHandler
                0x1fff0198                DMA12_IRQHandler
                0x1fff0198                Mem_Manage_Fault_Handler
                0x1fff0198                FTFL_IRQHandler
                0x1fff0198                CAN0_Bus_Off_IRQHandler
                0x1fff0198                FTM3_IRQHandler
                0x1fff0198                PORTE_IRQHandler
                0x1fff0198                CAN0_Message_buffer_IRQHandler
                0x1fff0198                FTM2_IRQHandler
                0x1fff0198                DMA8_IRQHandler
                0x1fff0198                DMA10_IRQHandler
                0x1fff0198                CAN0_Wake_Up_IRQHandler
                0x1fff0198                DebugMonitor_Handler
                0x1fff0198                UART1_ERR_IRQHandler
                0x1fff0198                CMP0_IRQHandler
                0x1fff0198                ENET_MAC_Receive_IRQHandler
                0x1fff0198                PORTC_IRQHandler
                0x1fff0198                DMA6_IRQHandler
                0x1fff0198                UART2_Status_IRQHandler
                0x1fff0198                DMA1_IRQHandler
 .text.__init_hardware
                0x1fff01a4       0x44 ./Project_Settings/Startup_Code/kinetis_sysinit.o
                0x1fff01a4                __init_hardware
 .text.zero_fill_bss
                0x1fff01e8       0x2c ./Project_Settings/Startup_Code/__arm_start.o
 .text.__thumb_startup
                0x1fff0214       0x34 ./Project_Settings/Startup_Code/__arm_start.o
                0x1fff0214                __thumb_startup
 .text._ExitProcess
                0x1fff0248        0xc ./Project_Settings/Startup_Code/__arm_end.o
                0x1fff0248                _ExitProcess
 .text.Init_clocks
                0x1fff0254       0x38 ./Sources/pin_n_clocks.o
                0x1fff0254                Init_clocks
 .text.main     0x1fff028c       0xdc ./Sources/main.o
                0x1fff028c                main
 .text.LPTimer_IRQHandler
                0x1fff0368       0x3c ./Sources/main.o
                0x1fff0368                LPTimer_IRQHandler
 .text.NVIC_EnableIRQ
                0x1fff03a4       0x98 ./Sources/NVIC.o
                0x1fff03a4                NVIC_EnableIRQ
 .text.Init_LPTMR
                0x1fff043c       0x80 ./Sources/LPTMR.o
                0x1fff043c                Init_LPTMR
 .text.exit     0x1fff04bc       0x38 C:/Freescale/CW MCU v11.1/MCU/ARM_GCC_Support/ewl/lib/armv7e-m/fpu\libc.a(exit.o)
                0x1fff04bc                exit
 .text.memset   0x1fff04f4        0xc C:/Freescale/CW MCU v11.1/MCU/ARM_GCC_Support/ewl/lib/armv7e-m/fpu\libc.a(memset.o)
                0x1fff04f4                memset
 .text.__fill_mem
                0x1fff0500       0x76 C:/Freescale/CW MCU v11.1/MCU/ARM_GCC_Support/ewl/lib/armv7e-m/fpu\libc.a(__filll_mem.o)
                0x1fff0500                __fill_mem
 .text.long2str.isra.0
                0x1fff0576      0x196 C:/Freescale/CW MCU v11.1/MCU/ARM_GCC_Support/ewl/lib/armv7e-m/fpu\libc.a(printformat_.o)
 .text.__pformatter_
                0x1fff070c      0x3f8 C:/Freescale/CW MCU v11.1/MCU/ARM_GCC_Support/ewl/lib/armv7e-m/fpu\libc.a(printformat_.o)
                0x1fff070c                __pformatter_
 .text.__sformatter
                0x1fff0b04      0x6f4 C:/Freescale/CW MCU v11.1/MCU/ARM_GCC_Support/ewl/lib/armv7e-m/fpu\libc.a(scanformat_.o)
                0x1fff0b04                __sformatter
 .text.isalpha  0x1fff11f8       0x1c C:/Freescale/CW MCU v11.1/MCU/ARM_GCC_Support/ewl/lib/armv7e-m/fpu\libc.a(ctype_aeabi.o)
                0x1fff11f8                isalpha
 .text.isspace  0x1fff1214       0x1c C:/Freescale/CW MCU v11.1/MCU/ARM_GCC_Support/ewl/lib/armv7e-m/fpu\libc.a(ctype_aeabi.o)
                0x1fff1214                isspace
 .text.toupper  0x1fff1230        0xc C:/Freescale/CW MCU v11.1/MCU/ARM_GCC_Support/ewl/lib/armv7e-m/fpu\libc.a(ctype_aeabi.o)
                0x1fff1230                toupper
 .text.__strtoul
                0x1fff123c      0x214 C:/Freescale/CW MCU v11.1/MCU/ARM_GCC_Support/ewl/lib/armv7e-m/fpu\libc.a(__strtoul.o)
                0x1fff123c                __strtoul
 .text.strchr   0x1fff1450       0x1a C:/Freescale/CW MCU v11.1/MCU/ARM_GCC_Support/ewl/lib/armv7e-m/fpu\libc.a(strchr.o)
                0x1fff1450                strchr
 .text.strlen   0x1fff146a       0x10 C:/Freescale/CW MCU v11.1/MCU/ARM_GCC_Support/ewl/lib/armv7e-m/fpu\libc.a(strlen.o)
                0x1fff146a                strlen
 .text.memchr   0x1fff147a       0x18 C:/Freescale/CW MCU v11.1/MCU/ARM_GCC_Support/ewl/lib/armv7e-m/fpu\libc.a(memchr.o)
                0x1fff147a                memchr
 *fill*         0x1fff1492        0x2 00
 .text.__init_cpp
                0x1fff1494       0x4c C:/Freescale/CW MCU v11.1/MCU/ARM_GCC_Support/ewl/lib/armv7e-m/fpu\librt.a(gcc_ctor_dtor.o)
                0x1fff1494                __init_cpp
 .text.__fini_cpp
                0x1fff14e0       0x34 C:/Freescale/CW MCU v11.1/MCU/ARM_GCC_Support/ewl/lib/armv7e-m/fpu\librt.a(gcc_ctor_dtor.o)
                0x1fff14e0                __fini_cpp
 .text.__destroy_global_chain
                0x1fff1514       0x18 C:/Freescale/CW MCU v11.1/MCU/ARM_GCC_Support/ewl/lib/armv7e-m/fpu\librt.a(__arm_eabi_init.o)
                0x1fff1514                __destroy_global_chain
 .text.__init_registers
                0x1fff152c       0x24 C:/Freescale/CW MCU v11.1/MCU/ARM_GCC_Support/ewl/lib/armv7e-m/fpu\librt.a(__arm_eabi_init.o)
                0x1fff152c                __init_registers
 .text.__fp_init
                0x1fff1550       0x1c C:/Freescale/CW MCU v11.1/MCU/ARM_GCC_Support/ewl/lib/armv7e-m/fpu\librt.a(__arm_eabi_init.o)
                0x1fff1550                __fp_init
 .text.__init_user
                0x1fff156c        0x4 C:/Freescale/CW MCU v11.1/MCU/ARM_GCC_Support/ewl/lib/armv7e-m/fpu\librt.a(__arm_eabi_init.o)
                0x1fff156c                __init_user
 .text.__copy_rom_section
                0x1fff1570       0x44 C:/Freescale/CW MCU v11.1/MCU/ARM_GCC_Support/ewl/lib/armv7e-m/fpu\librt.a(ROMCopy.o)
                0x1fff1570                __copy_rom_section
 .text.__copy_rom_sections_to_ram
                0x1fff15b4       0x30 C:/Freescale/CW MCU v11.1/MCU/ARM_GCC_Support/ewl/lib/armv7e-m/fpu\librt.a(ROMCopy.o)
                0x1fff15b4                __copy_rom_sections_to_ram
 *(.rodata)
 *(.rodata*)
 .rodata.str1.1
                0x1fff15e4        0x1 C:/Freescale/CW MCU v11.1/MCU/ARM_GCC_Support/ewl/lib/armv7e-m/fpu\libc.a(printformat_.o)
 .rodata.CSWTCH.20
                0x1fff15e5        0x5 C:/Freescale/CW MCU v11.1/MCU/ARM_GCC_Support/ewl/lib/armv7e-m/fpu\libc.a(printformat_.o)
 .rodata.CSWTCH.21
                0x1fff15ea        0x5 C:/Freescale/CW MCU v11.1/MCU/ARM_GCC_Support/ewl/lib/armv7e-m/fpu\libc.a(printformat_.o)
 .rodata.__aeabi_ctype_table_C
                0x1fff15ef      0x101 C:/Freescale/CW MCU v11.1/MCU/ARM_GCC_Support/ewl/lib/armv7e-m/fpu\libc.a(ctype_aeabi.o)
                0x1fff15ef                __aeabi_ctype_table_C
 *(.glue_7)
 .glue_7        0x00000000        0x0 linker stubs
 *(.glue_7t)
 .glue_7t       0x00000000        0x0 linker stubs
 *(.eh_frame)
 *(.init)
 *(.fini)
                0x1fff16f0                . = ALIGN (0x4)
                0x1fff16f0                _etext = .

.vfp11_veneer   0x1fff16f0        0x0
 .vfp11_veneer  0x00000000        0x0 linker stubs

.v4_bx          0x1fff16f0        0x0
 .v4_bx         0x00000000        0x0 linker stubs

.iplt           0x1fff16f0        0x0
 .iplt          0x00000000        0x0 ./Project_Settings/Startup_Code/kinetis_sysinit.o

.rel.dyn        0x1fff16f0        0x0
 .rel.iplt      0x00000000        0x0 ./Project_Settings/Startup_Code/kinetis_sysinit.o

.ARM.extab
 *(.ARM.extab* .gnu.linkonce.armextab.*)

.ARM            0x1fff16f0        0x0
                0x1fff16f0                __exidx_start = .
 *(.ARM.exidx*)
                0x1fff16f0                __exidx_end = .

.ctors          0x1fff16f0        0x0
                0x1fff16f0                __CTOR_LIST__ = .
 *crtbegin.o(.ctors)
 *(EXCLUDE_FILE(*crtend.o) .ctors)
 *(SORT(.ctors.*))
 *(.ctors)
                0x1fff16f0                __CTOR_END__ = .

.dtors          0x1fff16f0        0x0
                0x1fff16f0                __DTOR_LIST__ = .
 *crtbegin.o(.dtors)
 *(EXCLUDE_FILE(*crtend.o) .dtors)
 *(SORT(.dtors.*))
 *(.dtors)
                0x1fff16f0                __DTOR_END__ = .

.preinit_array  0x1fff16f0        0x0
                0x1fff16f0                PROVIDE (__preinit_array_start, .)
 *(.preinit_array*)
                0x1fff16f0                PROVIDE (__preinit_array_end, .)

.init_array     0x1fff16f0        0x0
                0x1fff16f0                PROVIDE (__init_array_start, .)
 *(SORT(.init_array.*))
 *(.init_array*)
                0x1fff16f0                PROVIDE (__init_array_end, .)

.fini_array     0x1fff16f0        0x0
                0x1fff16f0                PROVIDE (__fini_array_start, .)
 *(SORT(.fini_array.*))
 *(.fini_array*)
                0x1fff16f0                PROVIDE (__fini_array_end, .)

.data           0x20000000        0x0
                0x20000000                . = ALIGN (0x4)
                0x20000000                _sdata = .
 *(.data)
 *(.data*)
                0x20000000                . = ALIGN (0x4)
                0x20000000                _edata = .

.igot.plt       0x20000000        0x0
 .igot.plt      0x00000000        0x0 ./Project_Settings/Startup_Code/kinetis_sysinit.o
                0x20000000                . = ALIGN (0x4)

.bss            0x20000000       0x1c
                0x20000000                __START_BSS = .
                0x20000000                PROVIDE (__bss_start__, __START_BSS)
 *(.bss)
 *(.bss*)
 .bss.argv      0x20000000        0x4 ./Project_Settings/Startup_Code/__arm_start.o
 .bss.__stdio_exit
                0x20000004        0x4 C:/Freescale/CW MCU v11.1/MCU/ARM_GCC_Support/ewl/lib/armv7e-m/fpu\libc.a(exit.o)
                0x20000004                __stdio_exit
 .bss.__console_exit
                0x20000008        0x4 C:/Freescale/CW MCU v11.1/MCU/ARM_GCC_Support/ewl/lib/armv7e-m/fpu\libc.a(exit.o)
                0x20000008                __console_exit
 .bss.__global_destructor_chain
                0x2000000c        0x4 C:/Freescale/CW MCU v11.1/MCU/ARM_GCC_Support/ewl/lib/armv7e-m/fpu\librt.a(__arm_eabi_init.o)
                0x2000000c                __global_destructor_chain
 .bss.__S_romp  0x20000010        0xc C:/Freescale/CW MCU v11.1/MCU/ARM_GCC_Support/ewl/lib/armv7e-m/fpu\librt.a(ROMCopy.o)
 *(COMMON)
                0x2000001c                . = ALIGN (0x4)
                0x2000001c                __END_BSS = .
                0x2000001c                PROVIDE (__bss_end__, __END_BSS)

._user_heap_stack
                0x2000001c     0x1000
                0x2000001c                . = ALIGN (0x4)
                0x2000001c                PROVIDE (end, .)
                0x2000001c                PROVIDE (_end, .)
                0x2000001c                __heap_addr = .
                0x2000081c                . = (. + __heap_size)
 *fill*         0x2000001c      0x800 00
                0x2000101c                . = (. + __stack_size)
 *fill*         0x2000081c      0x800 00
                0x2000101c                . = ALIGN (0x4)
                0x00000000                __S_romp = 0x0

.ARM.attributes
                0x00000000       0x3b
 *(.ARM.attributes)
 .ARM.attributes
                0x00000000       0x3b ./Project_Settings/Startup_Code/kinetis_sysinit.o
 .ARM.attributes
                0x0000003b       0x3b ./Project_Settings/Startup_Code/__arm_start.o
 .ARM.attributes
                0x00000076       0x3b ./Project_Settings/Startup_Code/__arm_end.o
 .ARM.attributes
                0x000000b1       0x3b ./Sources/pin_n_clocks.o
 .ARM.attributes
                0x000000ec       0x3b ./Sources/main.o
 .ARM.attributes
                0x00000127       0x3b ./Sources/NVIC.o
 .ARM.attributes
                0x00000162       0x3b ./Sources/LPTMR.o
 .ARM.attributes
                0x0000019d       0x3b C:/Freescale/CW MCU v11.1/MCU/ARM_GCC_Support/ewl/lib/armv7e-m/fpu\libc.a(exit.o)
 .ARM.attributes
                0x000001d8       0x3b C:/Freescale/CW MCU v11.1/MCU/ARM_GCC_Support/ewl/lib/armv7e-m/fpu\libc.a(memset.o)
 .ARM.attributes
                0x00000213       0x3b C:/Freescale/CW MCU v11.1/MCU/ARM_GCC_Support/ewl/lib/armv7e-m/fpu\libc.a(__filll_mem.o)
 .ARM.attributes
                0x0000024e       0x3b C:/Freescale/CW MCU v11.1/MCU/ARM_GCC_Support/ewl/lib/armv7e-m/fpu\libc.a(printformat_.o)
 .ARM.attributes
                0x00000289       0x3b C:/Freescale/CW MCU v11.1/MCU/ARM_GCC_Support/ewl/lib/armv7e-m/fpu\libc.a(scanformat_.o)
 .ARM.attributes
                0x000002c4       0x3b C:/Freescale/CW MCU v11.1/MCU/ARM_GCC_Support/ewl/lib/armv7e-m/fpu\libc.a(ctype_aeabi.o)
 .ARM.attributes
                0x000002ff       0x3b C:/Freescale/CW MCU v11.1/MCU/ARM_GCC_Support/ewl/lib/armv7e-m/fpu\libc.a(__strtoul.o)
 .ARM.attributes
                0x0000033a       0x3b C:/Freescale/CW MCU v11.1/MCU/ARM_GCC_Support/ewl/lib/armv7e-m/fpu\libc.a(strchr.o)
 .ARM.attributes
                0x00000375       0x3b C:/Freescale/CW MCU v11.1/MCU/ARM_GCC_Support/ewl/lib/armv7e-m/fpu\libc.a(strlen.o)
 .ARM.attributes
                0x000003b0       0x3b C:/Freescale/CW MCU v11.1/MCU/ARM_GCC_Support/ewl/lib/armv7e-m/fpu\libc.a(memchr.o)
 .ARM.attributes
                0x000003eb       0x3b C:/Freescale/CW MCU v11.1/MCU/ARM_GCC_Support/ewl/lib/armv7e-m/fpu\librt.a(gcc_ctor_dtor.o)
 .ARM.attributes
                0x00000426       0x3b C:/Freescale/CW MCU v11.1/MCU/ARM_GCC_Support/ewl/lib/armv7e-m/fpu\librt.a(__arm_eabi_init.o)
 .ARM.attributes
                0x00000461       0x3b C:/Freescale/CW MCU v11.1/MCU/ARM_GCC_Support/ewl/lib/armv7e-m/fpu\librt.a(ROMCopy.o)
OUTPUT(K64F_LPTMR.elf elf32-littlearm)

.debug_info     0x00000000     0x2dd1
 .debug_info    0x00000000      0x387 ./Project_Settings/Startup_Code/kinetis_sysinit.o
 .debug_info    0x00000387      0x12a ./Project_Settings/Startup_Code/__arm_start.o
 .debug_info    0x000004b1       0x54 ./Project_Settings/Startup_Code/__arm_end.o
 .debug_info    0x00000505      0x2a1 ./Sources/pin_n_clocks.o
 .debug_info    0x000007a6      0x51d ./Sources/main.o
 .debug_info    0x00000cc3      0x4f2 ./Sources/NVIC.o
 .debug_info    0x000011b5      0x103 ./Sources/LPTMR.o
 .debug_info    0x000012b8       0xe8 C:/Freescale/CW MCU v11.1/MCU/ARM_GCC_Support/ewl/lib/armv7e-m/fpu\libc.a(exit.o)
 .debug_info    0x000013a0       0xec C:/Freescale/CW MCU v11.1/MCU/ARM_GCC_Support/ewl/lib/armv7e-m/fpu\libc.a(memset.o)
 .debug_info    0x0000148c      0x135 C:/Freescale/CW MCU v11.1/MCU/ARM_GCC_Support/ewl/lib/armv7e-m/fpu\libc.a(__filll_mem.o)
 .debug_info    0x000015c1      0x50e C:/Freescale/CW MCU v11.1/MCU/ARM_GCC_Support/ewl/lib/armv7e-m/fpu\libc.a(printformat_.o)
 .debug_info    0x00001acf      0x565 C:/Freescale/CW MCU v11.1/MCU/ARM_GCC_Support/ewl/lib/armv7e-m/fpu\libc.a(scanformat_.o)
 .debug_info    0x00002034      0x306 C:/Freescale/CW MCU v11.1/MCU/ARM_GCC_Support/ewl/lib/armv7e-m/fpu\libc.a(ctype_aeabi.o)
 .debug_info    0x0000233a      0x1d6 C:/Freescale/CW MCU v11.1/MCU/ARM_GCC_Support/ewl/lib/armv7e-m/fpu\libc.a(__strtoul.o)
 .debug_info    0x00002510      0x108 C:/Freescale/CW MCU v11.1/MCU/ARM_GCC_Support/ewl/lib/armv7e-m/fpu\libc.a(strchr.o)
 .debug_info    0x00002618       0xeb C:/Freescale/CW MCU v11.1/MCU/ARM_GCC_Support/ewl/lib/armv7e-m/fpu\libc.a(strlen.o)
 .debug_info    0x00002703      0x120 C:/Freescale/CW MCU v11.1/MCU/ARM_GCC_Support/ewl/lib/armv7e-m/fpu\libc.a(memchr.o)
 .debug_info    0x00002823      0x136 C:/Freescale/CW MCU v11.1/MCU/ARM_GCC_Support/ewl/lib/armv7e-m/fpu\librt.a(gcc_ctor_dtor.o)
 .debug_info    0x00002959      0x2de C:/Freescale/CW MCU v11.1/MCU/ARM_GCC_Support/ewl/lib/armv7e-m/fpu\librt.a(__arm_eabi_init.o)
 .debug_info    0x00002c37      0x19a C:/Freescale/CW MCU v11.1/MCU/ARM_GCC_Support/ewl/lib/armv7e-m/fpu\librt.a(ROMCopy.o)

.debug_abbrev   0x00000000     0x10d3
 .debug_abbrev  0x00000000       0xf6 ./Project_Settings/Startup_Code/kinetis_sysinit.o
 .debug_abbrev  0x000000f6       0x92 ./Project_Settings/Startup_Code/__arm_start.o
 .debug_abbrev  0x00000188       0x4c ./Project_Settings/Startup_Code/__arm_end.o
 .debug_abbrev  0x000001d4       0xb8 ./Sources/pin_n_clocks.o
 .debug_abbrev  0x0000028c       0xeb ./Sources/main.o
 .debug_abbrev  0x00000377       0xeb ./Sources/NVIC.o
 .debug_abbrev  0x00000462       0x94 ./Sources/LPTMR.o
 .debug_abbrev  0x000004f6       0x7a C:/Freescale/CW MCU v11.1/MCU/ARM_GCC_Support/ewl/lib/armv7e-m/fpu\libc.a(exit.o)
 .debug_abbrev  0x00000570       0x62 C:/Freescale/CW MCU v11.1/MCU/ARM_GCC_Support/ewl/lib/armv7e-m/fpu\libc.a(memset.o)
 .debug_abbrev  0x000005d2       0x87 C:/Freescale/CW MCU v11.1/MCU/ARM_GCC_Support/ewl/lib/armv7e-m/fpu\libc.a(__filll_mem.o)
 .debug_abbrev  0x00000659      0x200 C:/Freescale/CW MCU v11.1/MCU/ARM_GCC_Support/ewl/lib/armv7e-m/fpu\libc.a(printformat_.o)
 .debug_abbrev  0x00000859      0x1f0 C:/Freescale/CW MCU v11.1/MCU/ARM_GCC_Support/ewl/lib/armv7e-m/fpu\libc.a(scanformat_.o)
 .debug_abbrev  0x00000a49       0x85 C:/Freescale/CW MCU v11.1/MCU/ARM_GCC_Support/ewl/lib/armv7e-m/fpu\libc.a(ctype_aeabi.o)
 .debug_abbrev  0x00000ace       0xc2 C:/Freescale/CW MCU v11.1/MCU/ARM_GCC_Support/ewl/lib/armv7e-m/fpu\libc.a(__strtoul.o)
 .debug_abbrev  0x00000b90       0x89 C:/Freescale/CW MCU v11.1/MCU/ARM_GCC_Support/ewl/lib/armv7e-m/fpu\libc.a(strchr.o)
 .debug_abbrev  0x00000c19       0x7a C:/Freescale/CW MCU v11.1/MCU/ARM_GCC_Support/ewl/lib/armv7e-m/fpu\libc.a(strlen.o)
 .debug_abbrev  0x00000c93       0x95 C:/Freescale/CW MCU v11.1/MCU/ARM_GCC_Support/ewl/lib/armv7e-m/fpu\libc.a(memchr.o)
 .debug_abbrev  0x00000d28       0x99 C:/Freescale/CW MCU v11.1/MCU/ARM_GCC_Support/ewl/lib/armv7e-m/fpu\librt.a(gcc_ctor_dtor.o)
 .debug_abbrev  0x00000dc1      0x1db C:/Freescale/CW MCU v11.1/MCU/ARM_GCC_Support/ewl/lib/armv7e-m/fpu\librt.a(__arm_eabi_init.o)
 .debug_abbrev  0x00000f9c      0x137 C:/Freescale/CW MCU v11.1/MCU/ARM_GCC_Support/ewl/lib/armv7e-m/fpu\librt.a(ROMCopy.o)

.debug_loc      0x00000000     0x2067
 .debug_loc     0x00000000       0x58 ./Project_Settings/Startup_Code/kinetis_sysinit.o
 .debug_loc     0x00000058       0x2c ./Project_Settings/Startup_Code/__arm_start.o
 .debug_loc     0x00000084       0x38 ./Project_Settings/Startup_Code/__arm_end.o
 .debug_loc     0x000000bc       0x2c ./Sources/pin_n_clocks.o
 .debug_loc     0x000000e8       0x58 ./Sources/main.o
 .debug_loc     0x00000140       0xa8 ./Sources/NVIC.o
 .debug_loc     0x000001e8       0x38 ./Sources/LPTMR.o
 .debug_loc     0x00000220       0x3e C:/Freescale/CW MCU v11.1/MCU/ARM_GCC_Support/ewl/lib/armv7e-m/fpu\libc.a(exit.o)
 .debug_loc     0x0000025e       0x64 C:/Freescale/CW MCU v11.1/MCU/ARM_GCC_Support/ewl/lib/armv7e-m/fpu\libc.a(memset.o)
 .debug_loc     0x000002c2      0x12c C:/Freescale/CW MCU v11.1/MCU/ARM_GCC_Support/ewl/lib/armv7e-m/fpu\libc.a(__filll_mem.o)
 .debug_loc     0x000003ee      0xbdc C:/Freescale/CW MCU v11.1/MCU/ARM_GCC_Support/ewl/lib/armv7e-m/fpu\libc.a(printformat_.o)
 .debug_loc     0x00000fca      0x8b6 C:/Freescale/CW MCU v11.1/MCU/ARM_GCC_Support/ewl/lib/armv7e-m/fpu\libc.a(scanformat_.o)
 .debug_loc     0x00001880      0x18e C:/Freescale/CW MCU v11.1/MCU/ARM_GCC_Support/ewl/lib/armv7e-m/fpu\libc.a(ctype_aeabi.o)
 .debug_loc     0x00001a0e      0x2bb C:/Freescale/CW MCU v11.1/MCU/ARM_GCC_Support/ewl/lib/armv7e-m/fpu\libc.a(__strtoul.o)
 .debug_loc     0x00001cc9       0x7c C:/Freescale/CW MCU v11.1/MCU/ARM_GCC_Support/ewl/lib/armv7e-m/fpu\libc.a(strchr.o)
 .debug_loc     0x00001d45       0x26 C:/Freescale/CW MCU v11.1/MCU/ARM_GCC_Support/ewl/lib/armv7e-m/fpu\libc.a(strlen.o)
 .debug_loc     0x00001d6b       0x62 C:/Freescale/CW MCU v11.1/MCU/ARM_GCC_Support/ewl/lib/armv7e-m/fpu\libc.a(memchr.o)
 .debug_loc     0x00001dcd       0x9d C:/Freescale/CW MCU v11.1/MCU/ARM_GCC_Support/ewl/lib/armv7e-m/fpu\librt.a(gcc_ctor_dtor.o)
 .debug_loc     0x00001e6a      0x144 C:/Freescale/CW MCU v11.1/MCU/ARM_GCC_Support/ewl/lib/armv7e-m/fpu\librt.a(__arm_eabi_init.o)
 .debug_loc     0x00001fae       0xb9 C:/Freescale/CW MCU v11.1/MCU/ARM_GCC_Support/ewl/lib/armv7e-m/fpu\librt.a(ROMCopy.o)

.debug_aranges  0x00000000      0x378
 .debug_aranges
                0x00000000       0x28 ./Project_Settings/Startup_Code/kinetis_sysinit.o
 .debug_aranges
                0x00000028       0x30 ./Project_Settings/Startup_Code/__arm_start.o
 .debug_aranges
                0x00000058       0x20 ./Project_Settings/Startup_Code/__arm_end.o
 .debug_aranges
                0x00000078       0x20 ./Sources/pin_n_clocks.o
 .debug_aranges
                0x00000098       0x28 ./Sources/main.o
 .debug_aranges
                0x000000c0       0x30 ./Sources/NVIC.o
 .debug_aranges
                0x000000f0       0x20 ./Sources/LPTMR.o
 .debug_aranges
                0x00000110       0x20 C:/Freescale/CW MCU v11.1/MCU/ARM_GCC_Support/ewl/lib/armv7e-m/fpu\libc.a(exit.o)
 .debug_aranges
                0x00000130       0x20 C:/Freescale/CW MCU v11.1/MCU/ARM_GCC_Support/ewl/lib/armv7e-m/fpu\libc.a(memset.o)
 .debug_aranges
                0x00000150       0x20 C:/Freescale/CW MCU v11.1/MCU/ARM_GCC_Support/ewl/lib/armv7e-m/fpu\libc.a(__filll_mem.o)
 .debug_aranges
                0x00000170       0x28 C:/Freescale/CW MCU v11.1/MCU/ARM_GCC_Support/ewl/lib/armv7e-m/fpu\libc.a(printformat_.o)
 .debug_aranges
                0x00000198       0x20 C:/Freescale/CW MCU v11.1/MCU/ARM_GCC_Support/ewl/lib/armv7e-m/fpu\libc.a(scanformat_.o)
 .debug_aranges
                0x000001b8       0x88 C:/Freescale/CW MCU v11.1/MCU/ARM_GCC_Support/ewl/lib/armv7e-m/fpu\libc.a(ctype_aeabi.o)
 .debug_aranges
                0x00000240       0x20 C:/Freescale/CW MCU v11.1/MCU/ARM_GCC_Support/ewl/lib/armv7e-m/fpu\libc.a(__strtoul.o)
 .debug_aranges
                0x00000260       0x20 C:/Freescale/CW MCU v11.1/MCU/ARM_GCC_Support/ewl/lib/armv7e-m/fpu\libc.a(strchr.o)
 .debug_aranges
                0x00000280       0x20 C:/Freescale/CW MCU v11.1/MCU/ARM_GCC_Support/ewl/lib/armv7e-m/fpu\libc.a(strlen.o)
 .debug_aranges
                0x000002a0       0x20 C:/Freescale/CW MCU v11.1/MCU/ARM_GCC_Support/ewl/lib/armv7e-m/fpu\libc.a(memchr.o)
 .debug_aranges
                0x000002c0       0x28 C:/Freescale/CW MCU v11.1/MCU/ARM_GCC_Support/ewl/lib/armv7e-m/fpu\librt.a(gcc_ctor_dtor.o)
 .debug_aranges
                0x000002e8       0x60 C:/Freescale/CW MCU v11.1/MCU/ARM_GCC_Support/ewl/lib/armv7e-m/fpu\librt.a(__arm_eabi_init.o)
 .debug_aranges
                0x00000348       0x30 C:/Freescale/CW MCU v11.1/MCU/ARM_GCC_Support/ewl/lib/armv7e-m/fpu\librt.a(ROMCopy.o)

.debug_macinfo  0x00000000   0x1f08ec
 .debug_macinfo
                0x00000000    0x61d23 ./Project_Settings/Startup_Code/kinetis_sysinit.o
 .debug_macinfo
                0x00061d23     0x3f41 ./Project_Settings/Startup_Code/__arm_start.o
 .debug_macinfo
                0x00065c64     0x352a ./Project_Settings/Startup_Code/__arm_end.o
 .debug_macinfo
                0x0006918e    0x61ee2 ./Sources/pin_n_clocks.o
 .debug_macinfo
                0x000cb070    0x61f19 ./Sources/main.o
 .debug_macinfo
                0x0012cf89    0x61cb1 ./Sources/NVIC.o
 .debug_macinfo
                0x0018ec3a    0x61cb2 ./Sources/LPTMR.o

.debug_line     0x00000000     0x1d40
 .debug_line    0x00000000      0x21b ./Project_Settings/Startup_Code/kinetis_sysinit.o
 .debug_line    0x0000021b      0x29e ./Project_Settings/Startup_Code/__arm_start.o
 .debug_line    0x000004b9      0x265 ./Project_Settings/Startup_Code/__arm_end.o
 .debug_line    0x0000071e      0x1fd ./Sources/pin_n_clocks.o
 .debug_line    0x0000091b      0x223 ./Sources/main.o
 .debug_line    0x00000b3e      0x206 ./Sources/NVIC.o
 .debug_line    0x00000d44      0x1e1 ./Sources/LPTMR.o
 .debug_line    0x00000f25       0x94 C:/Freescale/CW MCU v11.1/MCU/ARM_GCC_Support/ewl/lib/armv7e-m/fpu\libc.a(exit.o)
 .debug_line    0x00000fb9       0x8f C:/Freescale/CW MCU v11.1/MCU/ARM_GCC_Support/ewl/lib/armv7e-m/fpu\libc.a(memset.o)
 .debug_line    0x00001048       0xcd C:/Freescale/CW MCU v11.1/MCU/ARM_GCC_Support/ewl/lib/armv7e-m/fpu\libc.a(__filll_mem.o)
 .debug_line    0x00001115      0x2b4 C:/Freescale/CW MCU v11.1/MCU/ARM_GCC_Support/ewl/lib/armv7e-m/fpu\libc.a(printformat_.o)
 .debug_line    0x000013c9      0x2df C:/Freescale/CW MCU v11.1/MCU/ARM_GCC_Support/ewl/lib/armv7e-m/fpu\libc.a(scanformat_.o)
 .debug_line    0x000016a8      0x1a9 C:/Freescale/CW MCU v11.1/MCU/ARM_GCC_Support/ewl/lib/armv7e-m/fpu\libc.a(ctype_aeabi.o)
 .debug_line    0x00001851      0x11b C:/Freescale/CW MCU v11.1/MCU/ARM_GCC_Support/ewl/lib/armv7e-m/fpu\libc.a(__strtoul.o)
 .debug_line    0x0000196c       0x7d C:/Freescale/CW MCU v11.1/MCU/ARM_GCC_Support/ewl/lib/armv7e-m/fpu\libc.a(strchr.o)
 .debug_line    0x000019e9       0x83 C:/Freescale/CW MCU v11.1/MCU/ARM_GCC_Support/ewl/lib/armv7e-m/fpu\libc.a(strlen.o)
 .debug_line    0x00001a6c       0x9f C:/Freescale/CW MCU v11.1/MCU/ARM_GCC_Support/ewl/lib/armv7e-m/fpu\libc.a(memchr.o)
 .debug_line    0x00001b0b       0x67 C:/Freescale/CW MCU v11.1/MCU/ARM_GCC_Support/ewl/lib/armv7e-m/fpu\librt.a(gcc_ctor_dtor.o)
 .debug_line    0x00001b72      0x125 C:/Freescale/CW MCU v11.1/MCU/ARM_GCC_Support/ewl/lib/armv7e-m/fpu\librt.a(__arm_eabi_init.o)
 .debug_line    0x00001c97       0xa9 C:/Freescale/CW MCU v11.1/MCU/ARM_GCC_Support/ewl/lib/armv7e-m/fpu\librt.a(ROMCopy.o)

.debug_str      0x00000000     0x12fe
 .debug_str     0x00000000      0x271 ./Project_Settings/Startup_Code/kinetis_sysinit.o
                                0x298 (size before relaxing)
 .debug_str     0x00000271       0x85 ./Project_Settings/Startup_Code/__arm_start.o
                                0x199 (size before relaxing)
 .debug_str     0x000002f6       0x41 ./Project_Settings/Startup_Code/__arm_end.o
                                 0xd0 (size before relaxing)
 .debug_str     0x00000337       0xdb ./Sources/pin_n_clocks.o
                                0x20f (size before relaxing)
 .debug_str     0x00000412      0x5a5 ./Sources/main.o
                                0x6d7 (size before relaxing)
 .debug_str     0x000009b7       0xad ./Sources/NVIC.o
                                0x6d6 (size before relaxing)
 .debug_str     0x00000a64       0x1e ./Sources/LPTMR.o
                                0x154 (size before relaxing)
 .debug_str     0x00000a82       0x5a C:/Freescale/CW MCU v11.1/MCU/ARM_GCC_Support/ewl/lib/armv7e-m/fpu\libc.a(exit.o)
                                0x157 (size before relaxing)
 .debug_str     0x00000adc       0x23 C:/Freescale/CW MCU v11.1/MCU/ARM_GCC_Support/ewl/lib/armv7e-m/fpu\libc.a(memset.o)
                                0x140 (size before relaxing)
 .debug_str     0x00000aff       0x2d C:/Freescale/CW MCU v11.1/MCU/ARM_GCC_Support/ewl/lib/armv7e-m/fpu\libc.a(__filll_mem.o)
                                0x152 (size before relaxing)
 .debug_str     0x00000b2c      0x233 C:/Freescale/CW MCU v11.1/MCU/ARM_GCC_Support/ewl/lib/armv7e-m/fpu\libc.a(printformat_.o)
                                0x3b3 (size before relaxing)
 .debug_str     0x00000d5f      0x184 C:/Freescale/CW MCU v11.1/MCU/ARM_GCC_Support/ewl/lib/armv7e-m/fpu\libc.a(scanformat_.o)
                                0x3f9 (size before relaxing)
 .debug_str     0x00000ee3       0x9d C:/Freescale/CW MCU v11.1/MCU/ARM_GCC_Support/ewl/lib/armv7e-m/fpu\libc.a(ctype_aeabi.o)
                                0x1bc (size before relaxing)
 .debug_str     0x00000f80       0x61 C:/Freescale/CW MCU v11.1/MCU/ARM_GCC_Support/ewl/lib/armv7e-m/fpu\libc.a(__strtoul.o)
                                0x1fb (size before relaxing)
 .debug_str     0x00000fe1       0x1c C:/Freescale/CW MCU v11.1/MCU/ARM_GCC_Support/ewl/lib/armv7e-m/fpu\libc.a(strchr.o)
                                0x137 (size before relaxing)
 .debug_str     0x00000ffd       0x1c C:/Freescale/CW MCU v11.1/MCU/ARM_GCC_Support/ewl/lib/armv7e-m/fpu\libc.a(strlen.o)
                                0x140 (size before relaxing)
 .debug_str     0x00001019       0x1c C:/Freescale/CW MCU v11.1/MCU/ARM_GCC_Support/ewl/lib/armv7e-m/fpu\libc.a(memchr.o)
                                0x148 (size before relaxing)
 .debug_str     0x00001035      0x126 C:/Freescale/CW MCU v11.1/MCU/ARM_GCC_Support/ewl/lib/armv7e-m/fpu\librt.a(gcc_ctor_dtor.o)
                                0x181 (size before relaxing)
 .debug_str     0x0000115b      0x102 C:/Freescale/CW MCU v11.1/MCU/ARM_GCC_Support/ewl/lib/armv7e-m/fpu\librt.a(__arm_eabi_init.o)
                                0x1bf (size before relaxing)
 .debug_str     0x0000125d       0xa1 C:/Freescale/CW MCU v11.1/MCU/ARM_GCC_Support/ewl/lib/armv7e-m/fpu\librt.a(ROMCopy.o)
                                0x13c (size before relaxing)

.comment        0x00000000       0x79
 .comment       0x00000000       0x79 ./Project_Settings/Startup_Code/kinetis_sysinit.o
                                 0x7a (size before relaxing)
 .comment       0x00000000       0x7a ./Project_Settings/Startup_Code/__arm_start.o
 .comment       0x00000000       0x7a ./Project_Settings/Startup_Code/__arm_end.o
 .comment       0x00000000       0x7a ./Sources/pin_n_clocks.o
 .comment       0x00000000       0x7a ./Sources/main.o
 .comment       0x00000000       0x7a ./Sources/NVIC.o
 .comment       0x00000000       0x7a ./Sources/LPTMR.o
 .comment       0x00000000       0x7a C:/Freescale/CW MCU v11.1/MCU/ARM_GCC_Support/ewl/lib/armv7e-m/fpu\libc.a(exit.o)
 .comment       0x00000000       0x7a C:/Freescale/CW MCU v11.1/MCU/ARM_GCC_Support/ewl/lib/armv7e-m/fpu\libc.a(memset.o)
 .comment       0x00000000       0x7a C:/Freescale/CW MCU v11.1/MCU/ARM_GCC_Support/ewl/lib/armv7e-m/fpu\libc.a(__filll_mem.o)
 .comment       0x00000000       0x7a C:/Freescale/CW MCU v11.1/MCU/ARM_GCC_Support/ewl/lib/armv7e-m/fpu\libc.a(printformat_.o)
 .comment       0x00000000       0x7a C:/Freescale/CW MCU v11.1/MCU/ARM_GCC_Support/ewl/lib/armv7e-m/fpu\libc.a(scanformat_.o)
 .comment       0x00000000       0x7a C:/Freescale/CW MCU v11.1/MCU/ARM_GCC_Support/ewl/lib/armv7e-m/fpu\libc.a(ctype_aeabi.o)
 .comment       0x00000000       0x7a C:/Freescale/CW MCU v11.1/MCU/ARM_GCC_Support/ewl/lib/armv7e-m/fpu\libc.a(__strtoul.o)
 .comment       0x00000000       0x7a C:/Freescale/CW MCU v11.1/MCU/ARM_GCC_Support/ewl/lib/armv7e-m/fpu\libc.a(strchr.o)
 .comment       0x00000000       0x7a C:/Freescale/CW MCU v11.1/MCU/ARM_GCC_Support/ewl/lib/armv7e-m/fpu\libc.a(strlen.o)
 .comment       0x00000000       0x7a C:/Freescale/CW MCU v11.1/MCU/ARM_GCC_Support/ewl/lib/armv7e-m/fpu\libc.a(memchr.o)
 .comment       0x00000000       0x7a C:/Freescale/CW MCU v11.1/MCU/ARM_GCC_Support/ewl/lib/armv7e-m/fpu\librt.a(gcc_ctor_dtor.o)
 .comment       0x00000000       0x7a C:/Freescale/CW MCU v11.1/MCU/ARM_GCC_Support/ewl/lib/armv7e-m/fpu\librt.a(__arm_eabi_init.o)
 .comment       0x00000000       0x7a C:/Freescale/CW MCU v11.1/MCU/ARM_GCC_Support/ewl/lib/armv7e-m/fpu\librt.a(ROMCopy.o)

.debug_frame    0x00000000      0x5ac
 .debug_frame   0x00000000       0x40 ./Project_Settings/Startup_Code/kinetis_sysinit.o
 .debug_frame   0x00000040       0x4c ./Project_Settings/Startup_Code/__arm_start.o
 .debug_frame   0x0000008c       0x2c ./Project_Settings/Startup_Code/__arm_end.o
 .debug_frame   0x000000b8       0x28 ./Sources/pin_n_clocks.o
 .debug_frame   0x000000e0       0x44 ./Sources/main.o
 .debug_frame   0x00000124       0x70 ./Sources/NVIC.o
 .debug_frame   0x00000194       0x2c ./Sources/LPTMR.o
 .debug_frame   0x000001c0       0x28 C:/Freescale/CW MCU v11.1/MCU/ARM_GCC_Support/ewl/lib/armv7e-m/fpu\libc.a(exit.o)
 .debug_frame   0x000001e8       0x28 C:/Freescale/CW MCU v11.1/MCU/ARM_GCC_Support/ewl/lib/armv7e-m/fpu\libc.a(memset.o)
 .debug_frame   0x00000210       0x2c C:/Freescale/CW MCU v11.1/MCU/ARM_GCC_Support/ewl/lib/armv7e-m/fpu\libc.a(__filll_mem.o)
 .debug_frame   0x0000023c       0x64 C:/Freescale/CW MCU v11.1/MCU/ARM_GCC_Support/ewl/lib/armv7e-m/fpu\libc.a(printformat_.o)
 .debug_frame   0x000002a0       0x3c C:/Freescale/CW MCU v11.1/MCU/ARM_GCC_Support/ewl/lib/armv7e-m/fpu\libc.a(scanformat_.o)
 .debug_frame   0x000002dc       0xf0 C:/Freescale/CW MCU v11.1/MCU/ARM_GCC_Support/ewl/lib/armv7e-m/fpu\libc.a(ctype_aeabi.o)
 .debug_frame   0x000003cc       0x3c C:/Freescale/CW MCU v11.1/MCU/ARM_GCC_Support/ewl/lib/armv7e-m/fpu\libc.a(__strtoul.o)
 .debug_frame   0x00000408       0x20 C:/Freescale/CW MCU v11.1/MCU/ARM_GCC_Support/ewl/lib/armv7e-m/fpu\libc.a(strchr.o)
 .debug_frame   0x00000428       0x20 C:/Freescale/CW MCU v11.1/MCU/ARM_GCC_Support/ewl/lib/armv7e-m/fpu\libc.a(strlen.o)
 .debug_frame   0x00000448       0x20 C:/Freescale/CW MCU v11.1/MCU/ARM_GCC_Support/ewl/lib/armv7e-m/fpu\libc.a(memchr.o)
 .debug_frame   0x00000468       0x40 C:/Freescale/CW MCU v11.1/MCU/ARM_GCC_Support/ewl/lib/armv7e-m/fpu\librt.a(gcc_ctor_dtor.o)
 .debug_frame   0x000004a8       0xbc C:/Freescale/CW MCU v11.1/MCU/ARM_GCC_Support/ewl/lib/armv7e-m/fpu\librt.a(__arm_eabi_init.o)
 .debug_frame   0x00000564       0x48 C:/Freescale/CW MCU v11.1/MCU/ARM_GCC_Support/ewl/lib/armv7e-m/fpu\librt.a(ROMCopy.o)
